// Jest Snapshot v1, https://goo.gl/fbAQLP

exports[`<Tile /> matches snapshot 1`] = `
<div
  className="sc-AxjAm jrksqQ"
  data-testid="tile"
  onClick={[Function]}
/>
`;
